C51 COMPILER V9.60.0.0   MAIN                                                              04/06/2023 21:12:07 PAGE 1   


C51 COMPILER V9.60.0.0, COMPILATION OF MODULE MAIN
OBJECT MODULE PLACED IN ..\output\main.obj
COMPILER INVOKED BY: D:\software\keil\C51\BIN\C51.EXE ..\sourse\main.c OPTIMIZE(8,SPEED) BROWSE INCDIR(..\sourse) DEBUG 
                    -OBJECTEXTEND PRINT(.\Listings\main.lst) TABS(2) OBJECT(..\output\main.obj)

line level    source

   1          #include "head.h"
   2          
   3          
   4          
   5          void main()
   6          {
   7   1        write_ds1302();
   8   1        
   9   1        EA = 0;
  10   1        Timer0Init();
  11   1        EA = 1;
  12   1        
  13   1        dat_output(10); 
  14   1        
  15   1        while(1)
  16   1        {
  17   2          ds18b20_config();
  18   2          read_ds1302();
  19   2          adc_switch();
  20   2          refer_key();
  21   2          menu_key();
  22   2        }
  23   1      
  24   1      }
  25          
  26          
  27          
  28          
  29          


MODULE INFORMATION:   STATIC OVERLAYABLE
   CODE SIZE        =     32    ----
   CONSTANT SIZE    =   ----    ----
   XDATA SIZE       =   ----    ----
   PDATA SIZE       =   ----    ----
   DATA SIZE        =   ----    ----
   IDATA SIZE       =   ----    ----
   BIT SIZE         =   ----    ----
END OF MODULE INFORMATION.


C51 COMPILATION COMPLETE.  0 WARNING(S),  0 ERROR(S)
